// Jest Snapshot v1, https://goo.gl/fbAQLP

exports[`icon测试 测试UI组件: icon 1`] = `
<svg
  className="lufei-icon ui-icon"
>
  <use
    xlinkHref="#file"
  />
</svg>
`;
